// Jest Snapshot v1, https://goo.gl/fbAQLP

exports[`Sidebar renders correctly 1`] = `
<View
  style={
    Array [
      Object {
        "backgroundColor": "blue",
        "bottom": 0,
        "position": "absolute",
        "right": 0,
        "top": 50,
      },
      Object {
        "width": 0,
      },
    ]
  }
>
  <Text>
    Sidebar
  </Text>
  <Text>
    Katten
  </Text>
  <Text>
    Honden
  </Text>
  <Text>
    Contact
  </Text>
  <Text>
    Settings
  </Text>
</View>
`;

exports[`renders correctly 1`] = `
<View
  style={
    Array [
      Object {
        "backgroundColor": "blue",
        "bottom": 0,
        "position": "absolute",
        "right": 0,
        "top": 50,
      },
      Object {
        "width": 0,
      },
    ]
  }
>
  <Text>
    Sidebar
  </Text>
  <Text>
    Katten
  </Text>
  <Text>
    Honden
  </Text>
  <Text>
    Contact
  </Text>
  <Text>
    Settings
  </Text>
</View>
`;
